===================================================
Persepolis Download Manager, 2026/06/18 20:56:40
2026-06-18 20:56:40,745 - initialization - INFO - chrome: Json file is created successfully.
persepolis executer file is created successfully.

2026-06-18 20:56:40,746 - initialization - INFO - 
2026-06-18 20:56:40,753 - initialization - INFO - chromium: Json file is created successfully.
persepolis executer file is created successfully.

2026-06-18 20:56:40,753 - initialization - INFO - 
2026-06-18 20:56:40,758 - initialization - INFO - opera: Json file is created successfully.
persepolis executer file is created successfully.

2026-06-18 20:56:40,758 - initialization - INFO - 
2026-06-18 20:56:40,764 - initialization - INFO - vivaldi: Json file is created successfully.
persepolis executer file is created successfully.

2026-06-18 20:56:40,764 - initialization - INFO - 
2026-06-18 20:56:40,770 - initialization - INFO - firefox: Json file is created successfully.
persepolis executer file is created successfully.

2026-06-18 20:56:40,770 - initialization - INFO - 
2026-06-18 20:56:40,778 - initialization - INFO - brave: Json file is created successfully.
persepolis executer file is created successfully.

2026-06-18 20:56:40,778 - initialization - INFO - 
2026-06-18 20:56:41,940 - initialization - INFO - yt-dlp version: 2026.03.17
2026-06-18 20:56:42,386 - initialization - INFO - Persepolis path is:
	/nix/store/jghwdp596crkzdqzppdl406pwpczxxmz-persepolis-5.2.0/bin/persepolis
2026-06-18 20:56:42,386 - initialization - INFO - Persepolis is run as installed python madule.
2026-06-18 20:56:42,440 - initialization - INFO - Persepolis will use ffmpeg that installed on user's system.
2026-06-18 20:56:42,441 - initialization - INFO - 
**********
ffmpeg version 8.1 Copyright (c) 2000-2026 the FFmpeg developers built
with gcc 15.2.0 (GCC) configuration: --disable-static
--prefix=/nix/store/eeeeeeeeeeeeeeeeeeeeeeeeeeeeeeee-ffmpeg-8.1
--target_os=linux --arch=x86_64 --pkg-config=pkg-config --enable-gpl
--enable-version3 --disable-nonfree --disable-static --enable-shared
--enable-pic --disable-thumb --disable-small --enable-runtime-
cpudetect --disable-gray --enable-swscale-alpha --enable-hardcoded-
tables --enable-safe-bitstream-reader --enable-pthreads
--disable-w32threads --disable-os2threads --enable-network --enable-
pixelutils --datadir=/nix/store/pxxjhd9y7z2anp67bp6j4002r9bnwizf-
ffmpeg-8.1-data/share/ffmpeg --enable-ffmpeg --enable-ffplay --enable-
ffprobe --bindir=/nix/store/eeeeeeeeeeeeeeeeeeeeeeeeeeeeeeee-
ffmpeg-8.1-bin/bin --enable-avcodec --enable-avdevice --enable-
avfilter --enable-avformat --enable-avutil --enable-swresample
--enable-swscale --libdir=/nix/store/eeeeeeeeeeeeeeeeeeeeeeeeeeeeeeee-
ffmpeg-8.1-lib/lib
--incdir=/nix/store/eeeeeeeeeeeeeeeeeeeeeeeeeeeeeeee-
ffmpeg-8.1-dev/include --enable-doc --enable-htmlpages --enable-
manpages --mandir=/nix/store/eeeeeeeeeeeeeeeeeeeeeeeeeeeeeeee-
ffmpeg-8.1-man/share/man --enable-podpages --enable-txtpages
--docdir=/nix/store/eeeeeeeeeeeeeeeeeeeeeeeeeeeeeeee-
ffmpeg-8.1-doc/share/doc/ffmpeg --enable-alsa --enable-amf --enable-
libaom --disable-libaribb24 --disable-libaribcaption --enable-libass
--disable-avisynth --enable-libbluray --disable-libbs2b --enable-bzlib
--disable-libcaca --disable-libcdio --disable-libcelt --disable-
chromaprint --disable-libcodec2 --disable-cuda --enable-cuda-llvm
--disable-cuda-nvcc --enable-cuvid --enable-libdav1d --disable-
libdavs2 --disable-libdc1394 --enable-libdrm --disable-libdvdnav
--disable-libdvdread --disable-libfdk-aac --enable-ffnvcodec
--disable-libflite --enable-fontconfig --enable-libfontconfig
--enable-libfreetype --disable-frei0r --enable-libfribidi --disable-
libgme --enable-gmp --enable-gnutls --disable-libgsm --enable-
libharfbuzz --enable-iconv --disable-libilbc --disable-libjack
--disable-libjxl --disable-libkvazaar --disable-ladspa --disable-
liblc3 --disable-liblcevc-dec --disable-lcms2 --enable-lzma --disable-
metal --disable-libmfx --disable-libmodplug --enable-libmp3lame
--disable-libmysofa --disable-libnpp --enable-nvdec --enable-nvenc
--disable-openal --enable-liboapv --enable-opencl --disable-
libopencore-amrnb --disable-libopencore-amrwb --disable-opengl
--disable-libopenh264 --enable-libopenjpeg --enable-libopenmpt
--enable-libopus --disable-libplacebo --enable-libpulse --disable-
libqrencode --disable-libquirc --disable-librav1e --enable-librist
--disable-librtmp --disable-librubberband --disable-libsmbclient
--enable-sdl2 --disable-libshaderc --disable-libshine --disable-
libsnappy --enable-libsoxr --enable-libspeex --enable-libsrt --enable-
libssh --disable-librsvg --enable-libsvtav1 --disable-libtensorflow
--enable-libtheora --disable-libtwolame --disable-libuavs3d --enable-
libv4l2 --enable-v4l2-m2m --enable-vaapi --enable-vdpau --disable-
libvpl --enable-libvidstab --disable-libvmaf --disable-libvo-amrwbenc
--enable-libvorbis --enable-libvpx --enable-vulkan --disable-libvvenc
--enable-libwebp --disable-whisper --enable-libx264 --enable-libx265
--disable-libxavs --disable-libxavs2 --disable-libxcb --disable-
libxcb-shape --disable-libxcb-shm --disable-libxcb-xfixes --disable-
libxevd --disable-libxeve --disable-xlib --enable-libxml2 --enable-
libxvid --enable-libzimg --enable-zlib --disable-libzmq --enable-
libzvbi --disable-debug --enable-optimizations --disable-extra-
warnings --disable-stripping libavutil      60. 26.100 / 60. 26.100
libavcodec     62. 28.100 / 62. 28.100 libavformat    62. 12.100 / 62.
12.100 libavdevice    62.  3.100 / 62.  3.100 libavfilter    11.
14.100 / 11. 14.100 libswscale      9.  5.100 /  9.  5.100
libswresample   6.  3.100 /  6.  3.100  Exiting with exit code 0
**********

2026-06-18 20:56:42,441 - initialization - INFO - ffmpeg command is: ffmpeg
2026-06-18 20:56:42,463 - initialization - INFO - python version: 3.13.13 (main, Apr  7 2026, 18:19:01) [GCC 15.2.0]
2026-06-18 20:56:42,463 - initialization - INFO - QT version: 6.11.0
2026-06-18 20:56:42,463 - initialization - INFO - PySide version: 6.11.0
2026-06-18 20:56:42,464 - initialization - INFO - Operating system: Linux
2026-06-18 20:56:42,464 - initialization - INFO - Desktop env.: kde
